{
	"Hamburger": {
		"description": "Is a food consisting of fillings—usually a patty of ground meat, typically beef—placed inside a sliced bun or bread roll.",
		"type": "string"
	},
	"HotDog": {
		"description": "Is a food consisting of a grilled or steamed sausage served in the slit of a partially sliced bun.",
		"type": "string"
	},
	"ApplePie": {
		"description": "Is a fruit pie in which the principal filling ingredient is apples",
		"type": "boolean"
	}
}